=== ЗАПУСК ИГРЫ ===
Загрузка словаря из файла: words_ru.txt
Прочитано строк: 67763
После фильтрации: 4157 слов
Создан словарь с 4157 словами
Выбрано случайное слово: задел
=== НОВАЯ ИГРА ===
Загадано слово: задел
Попытка: пятка
Проверка слова "пятка" в словаре: true
Осталось попыток: 5
Результат: ----^
Известные буквы: [а]
Точные совпадения: {}
Отсутствующие буквы: [т, к, п, я]
Запрещённые позиции: {0=[], 1=[], 2=[], 3=[], 4=[а]}
Осталось возможных слов: 466
Попытка: осень
Проверка слова "осень" в словаре: true
Осталось попыток: 4
Результат: --^--
Известные буквы: [а, е]
Точные совпадения: {}
Отсутствующие буквы: [с, т, к, ь, н, о, п, я]
Запрещённые позиции: {0=[], 1=[], 2=[е], 3=[], 4=[а]}
Осталось возможных слов: 31
Попытка: искра
Проверка слова "искра" в словаре: true
Осталось попыток: 3
Результат: ----^
Известные буквы: [а, е]
Точные совпадения: {}
Отсутствующие буквы: [р, с, т, и, к, ь, н, о, п, я]
Запрещённые позиции: {0=[], 1=[], 2=[е], 3=[], 4=[а]}
Осталось возможных слов: 9
Попытка: ангел
Проверка слова "ангел" в словаре: true
Осталось попыток: 2
Результат: ^--++
Известные буквы: [а, е, л]
Точные совпадения: {3=е, 4=л}
Отсутствующие буквы: [р, с, т, г, и, к, ь, н, о, п, я]
Запрещённые позиции: {0=[а], 1=[], 2=[е], 3=[], 4=[а]}
Осталось возможных слов: 1
Попытка: завел
Проверка слова "завел" в словаре: false
Слово "завел" не найдено в словаре
Игрок ввёл слово не из словаря: завел
Попытка: забел
Проверка слова "забел" в словаре: false
Слово "забел" не найдено в словаре
Игрок ввёл слово не из словаря: забел
Попытка: надел
Проверка слова "надел" в словаре: true
Осталось попыток: 1
Результат: -++++
Известные буквы: [а, д, е, л]
Точные совпадения: {1=а, 2=д, 3=е, 4=л}
Отсутствующие буквы: [р, с, т, г, и, к, ь, н, о, п, я]
Запрещённые позиции: {0=[а], 1=[], 2=[е], 3=[], 4=[а]}
Осталось возможных слов: 1
Попытка: задел
Проверка слова "задел" в словаре: true
Осталось попыток: 0
Результат: +++++
Известные буквы: [а, д, е, з, л]
Точные совпадения: {0=з, 1=а, 2=д, 3=е, 4=л}
Отсутствующие буквы: [р, с, т, г, и, к, ь, н, о, п, я]
Запрещённые позиции: {0=[а], 1=[], 2=[е], 3=[], 4=[а]}
Осталось возможных слов: 1
Игрок победил! Слово: задел
